File: included.tex

Error on line 1: Unknown command \foo.
