File: invalid_option.tex

Error: Invalid option invalid of package graphics.
