File: missing_package.tex

Error: Missing package missing.
