File: overfull_hbox.tex

Warning on line 5: Text after Lorem ip-sum do-lor sit amet, con-secte-tur adip-isc-ing elit. Sed in $[]$ (displayed hyphenated) overflows the line end.
