File: undefined_control_sequence.tex

Error on line 4: Unknown command \foo.
