File: underfull_hbox.tex

Warning on line 5: Line cannot be stretch enough. The problem is very bad.
